Component: ARM Compiler 5.06 update 6 (build 750) Tool: armlink [4d35ed]

==============================================================================

Section Cross References

    startup_stm32f10x_hd.o(RESET) refers to startup_stm32f10x_hd.o(STACK) for __initial_sp
    startup_stm32f10x_hd.o(RESET) refers to startup_stm32f10x_hd.o(.text) for Reset_Handler
    startup_stm32f10x_hd.o(RESET) refers to stm32f10x_it.o(.text) for NMI_Handler
    startup_stm32f10x_hd.o(RESET) refers to bsp_timer.o(.text) for TIM2_IRQHandler
    startup_stm32f10x_hd.o(RESET) refers to bsp_usart.o(.text) for USART1_IRQHandler
    startup_stm32f10x_hd.o(.text) refers to system_stm32f10x.o(.text) for SystemInit
    startup_stm32f10x_hd.o(.text) refers to entry.o(.ARM.Collect$$$$00000000) for __main
    system_stm32f10x.o(.text) refers to system_stm32f10x.o(.data) for SystemCoreClock
    stm32f10x_adc.o(.text) refers to stm32f10x_rcc.o(.text) for RCC_APB2PeriphResetCmd
    stm32f10x_bkp.o(.text) refers to stm32f10x_rcc.o(.text) for RCC_BackupResetCmd
    stm32f10x_can.o(.text) refers to stm32f10x_rcc.o(.text) for RCC_APB1PeriphResetCmd
    stm32f10x_cec.o(.text) refers to stm32f10x_rcc.o(.text) for RCC_APB1PeriphResetCmd
    stm32f10x_dac.o(.text) refers to stm32f10x_rcc.o(.text) for RCC_APB1PeriphResetCmd
    stm32f10x_gpio.o(.text) refers to stm32f10x_rcc.o(.text) for RCC_APB2PeriphResetCmd
    stm32f10x_i2c.o(.text) refers to stm32f10x_rcc.o(.text) for RCC_APB1PeriphResetCmd
    stm32f10x_pwr.o(.text) refers to stm32f10x_rcc.o(.text) for RCC_APB1PeriphResetCmd
    stm32f10x_rcc.o(.text) refers to stm32f10x_rcc.o(.data) for APBAHBPrescTable
    stm32f10x_spi.o(.text) refers to stm32f10x_rcc.o(.text) for RCC_APB2PeriphResetCmd
    stm32f10x_tim.o(.text) refers to stm32f10x_rcc.o(.text) for RCC_APB2PeriphResetCmd
    stm32f10x_usart.o(.text) refers to stm32f10x_rcc.o(.text) for RCC_APB2PeriphResetCmd
    stm32f10x_wwdg.o(.text) refers to stm32f10x_rcc.o(.text) for RCC_APB1PeriphResetCmd
    main.o(.text) refers to board.o(.text) for board_init
    main.o(.text) refers to bsp_iwdg.o(.text) for IWDG_Init
    main.o(.text) refers to bsp_usart.o(.text) for Usart_SendArray
    main.o(.text) refers to bsp_ht1622.o(.text) for HT1621Wr_Nums
    main.o(.text) refers to bsp_delay.o(.text) for delay_ms
    main.o(.text) refers to bsp_application.o(.text) for Menu_Display
    main.o(.text) refers to bsp_crc16.o(.text) for Parameter_ReceiveData
    board.o(.text) refers to misc.o(.text) for NVIC_PriorityGroupConfig
    board.o(.text) refers to bsp_delay.o(.text) for delay_init
    board.o(.text) refers to bsp_usart.o(.text) for USART1_Config_Init
    board.o(.text) refers to bsp_timer.o(.text) for Timer2_Config_Init
    board.o(.text) refers to bsp_key.o(.text) for Key_GPIO_Config_Init
    board.o(.text) refers to bsp_ht1622.o(.text) for HT1622_Init
    bsp_crc16.o(.text) refers to bsp_usart.o(.text) for CLR_Buf2
    bsp_crc16.o(.text) refers to bsp_menulayout.o(.text) for Voltage_DataPage_Menu
    bsp_crc16.o(.text) refers to bsp_crc16.o(.constdata) for g_u8CRCHiTb
    bsp_crc16.o(.text) refers to bsp_usart.o(.data) for buf2_cnt
    bsp_crc16.o(.text) refers to bsp_usart.o(.bss) for Uart2_Buf
    bsp_crc16.o(.text) refers to bsp_crc16.o(.data) for Send_Statflag
    bsp_crc16.o(.text) refers to bsp_application.o(.data) for PageNum
    bsp_application.o(.text) refers to bsp_key.o(.text) for Key_Scan
    bsp_application.o(.text) refers to bsp_crc16.o(.text) for Parameter_SendData
    bsp_application.o(.text) refers to bsp_application.o(.data) for GetKeyValue
    bsp_delay.o(.text) refers to misc.o(.text) for SysTick_CLKSourceConfig
    bsp_delay.o(.text) refers to system_stm32f10x.o(.data) for SystemCoreClock
    bsp_delay.o(.text) refers to bsp_delay.o(.data) for fac_us
    bsp_usart.o(.text) refers to misc.o(.text) for NVIC_Init
    bsp_usart.o(.text) refers to stm32f10x_rcc.o(.text) for RCC_APB2PeriphClockCmd
    bsp_usart.o(.text) refers to stm32f10x_gpio.o(.text) for GPIO_Init
    bsp_usart.o(.text) refers to stm32f10x_usart.o(.text) for USART_Init
    bsp_usart.o(.text) refers to bsp_usart.o(.data) for buf2_cnt
    bsp_usart.o(.text) refers to bsp_usart.o(.bss) for Uart2_Buf
    bsp_printf.o(.text) refers to stm32f10x_usart.o(.text) for USART_SendData
    bsp_st7565.o(.text) refers to stm32f10x_rcc.o(.text) for RCC_APB2PeriphClockCmd
    bsp_st7565.o(.text) refers to stm32f10x_gpio.o(.text) for GPIO_Init
    bsp_st7565.o(.text) refers to bsp_st7565.o(.data) for ascii_table_8x16
    bsp_key.o(.text) refers to stm32f10x_rcc.o(.text) for RCC_APB2PeriphClockCmd
    bsp_key.o(.text) refers to stm32f10x_gpio.o(.text) for GPIO_Init
    bsp_key.o(.text) refers to bsp_delay.o(.text) for delay_ms
    bsp_key.o(.text) refers to bsp_key.o(.data) for Key_Press_Flag
    bsp_timer.o(.text) refers to stm32f10x_rcc.o(.text) for RCC_APB1PeriphClockCmd
    bsp_timer.o(.text) refers to stm32f10x_tim.o(.text) for TIM_TimeBaseInit
    bsp_timer.o(.text) refers to misc.o(.text) for NVIC_Init
    bsp_timer.o(.text) refers to stick.o(.text) for spTickCount
    bsp_timer.o(.text) refers to bsp_timer.o(.data) for Time1s_flag
    bsp_menulayout.o(.text) refers to bsp_ht1622.o(.text) for dispOFF
    bsp_menulayout.o(.text) refers to fflti.o(.text) for __aeabi_i2f
    bsp_menulayout.o(.text) refers to fdiv.o(.text) for __aeabi_fdiv
    bsp_menulayout.o(.text) refers to cfcmple.o(.text) for __aeabi_cfcmple
    bsp_menulayout.o(.text) refers to fmul.o(.text) for __aeabi_fmul
    bsp_menulayout.o(.text) refers to ffixi.o(.text) for __aeabi_f2iz
    bsp_menulayout.o(.text) refers to f2d.o(.text) for __aeabi_f2d
    bsp_menulayout.o(.text) refers to ddiv.o(.text) for __aeabi_ddiv
    bsp_menulayout.o(.text) refers to d2f.o(.text) for __aeabi_d2f
    bsp_menulayout.o(.text) refers to dmul.o(.text) for __aeabi_dmul
    bsp_menulayout.o(.text) refers to bsp_menulayout.o(.data) for Synbol
    bsp_iwdg.o(.text) refers to stm32f10x_iwdg.o(.text) for IWDG_WriteAccessCmd
    bsp_ht1622.o(.text) refers to stm32f10x_gpio.o(.text) for GPIO_ResetBits
    bsp_ht1622.o(.text) refers to bsp_delay.o(.text) for delay_us
    bsp_ht1622.o(.text) refers to stm32f10x_rcc.o(.text) for RCC_APB2PeriphClockCmd
    bsp_ht1622.o(.text) refers to bsp_ht1622.o(.data) for DIS_BUF1
    bsp_ht1622.o(.text) refers to bsp_ht1622.o(.bss) for dispram
    bsp_ht1622.o(.text) refers to bsp_ht1622.o(.constdata) for Num1_8
    stask.o(.text) refers to stimer.o(.text) for spTimerTaskScheduler
    stask.o(.text) refers to bsp_application.o(.text) for Menu_Display
    stask.o(.text) refers to stask.o(.data) for tasklist
    stask.o(.data) refers to stask.o(.text) for _task_soft_timer_cb
    stick.o(.text) refers to stimer.o(.text) for spTimerTickerHandle
    stick.o(.text) refers to stick.o(.data) for spTicker
    stimer.o(.text) refers to bsp_application.o(.text) for KeyDeal
    stimer.o(.text) refers to dfltui.o(.text) for __aeabi_ui2d
    stimer.o(.text) refers to ddiv.o(.text) for __aeabi_ddiv
    stimer.o(.text) refers to dfixui.o(.text) for __aeabi_d2uiz
    stimer.o(.text) refers to stick.o(.text) for spGetTickCount
    stimer.o(.text) refers to stimer.o(.data) for stimerlist
    stimer.o(.data) refers to stimer.o(.text) for _timer_KeyDeal_cb
    entry.o(.ARM.Collect$$$$00000000) refers (Special) to entry10a.o(.ARM.Collect$$$$0000000D) for __rt_final_cpp
    entry.o(.ARM.Collect$$$$00000000) refers (Special) to entry11a.o(.ARM.Collect$$$$0000000F) for __rt_final_exit
    entry.o(.ARM.Collect$$$$00000000) refers (Special) to entry7b.o(.ARM.Collect$$$$00000008) for _main_clock
    entry.o(.ARM.Collect$$$$00000000) refers (Special) to entry8b.o(.ARM.Collect$$$$0000000A) for _main_cpp_init
    entry.o(.ARM.Collect$$$$00000000) refers (Special) to entry9a.o(.ARM.Collect$$$$0000000B) for _main_init
    entry.o(.ARM.Collect$$$$00000000) refers (Special) to entry5.o(.ARM.Collect$$$$00000004) for _main_scatterload
    entry.o(.ARM.Collect$$$$00000000) refers (Special) to entry2.o(.ARM.Collect$$$$00000001) for _main_stk
    fmul.o(.text) refers (Special) to iusefp.o(.text) for __I$use$fp
    fdiv.o(.text) refers (Special) to iusefp.o(.text) for __I$use$fp
    fdiv.o(.text) refers to fepilogue.o(.text) for _float_round
    dmul.o(.text) refers (Special) to iusefp.o(.text) for __I$use$fp
    dmul.o(.text) refers to depilogue.o(.text) for _double_epilogue
    ddiv.o(.text) refers (Special) to iusefp.o(.text) for __I$use$fp
    ddiv.o(.text) refers to depilogue.o(.text) for _double_round
    fflti.o(.text) refers (Special) to iusefp.o(.text) for __I$use$fp
    fflti.o(.text) refers to fepilogue.o(.text) for _float_epilogue
    dfltui.o(.text) refers (Special) to iusefp.o(.text) for __I$use$fp
    dfltui.o(.text) refers to depilogue.o(.text) for _double_epilogue
    ffixi.o(.text) refers (Special) to iusefp.o(.text) for __I$use$fp
    dfixui.o(.text) refers (Special) to iusefp.o(.text) for __I$use$fp
    dfixui.o(.text) refers to llushr.o(.text) for __aeabi_llsr
    f2d.o(.text) refers (Special) to iusefp.o(.text) for __I$use$fp
    d2f.o(.text) refers (Special) to iusefp.o(.text) for __I$use$fp
    d2f.o(.text) refers to fepilogue.o(.text) for _float_round
    cfcmple.o(.text) refers (Special) to iusefp.o(.text) for __I$use$fp
    entry2.o(.ARM.Collect$$$$00000001) refers to entry2.o(.ARM.Collect$$$$00002712) for __lit__00000000
    entry2.o(.ARM.Collect$$$$00002712) refers to startup_stm32f10x_hd.o(STACK) for __initial_sp
    entry2.o(__vectab_stack_and_reset_area) refers to startup_stm32f10x_hd.o(STACK) for __initial_sp
    entry2.o(__vectab_stack_and_reset_area) refers to entry.o(.ARM.Collect$$$$00000000) for __main
    entry5.o(.ARM.Collect$$$$00000004) refers to init.o(.text) for __scatterload
    entry9a.o(.ARM.Collect$$$$0000000B) refers to main.o(.text) for main
    entry9b.o(.ARM.Collect$$$$0000000C) refers to main.o(.text) for main
    depilogue.o(.text) refers to llshl.o(.text) for __aeabi_llsl
    depilogue.o(.text) refers to llushr.o(.text) for __aeabi_llsr
    init.o(.text) refers to entry5.o(.ARM.Collect$$$$00000004) for __main_after_scatterload


==============================================================================

Removing Unused input sections from the image.

    Removing startup_stm32f10x_hd.o(HEAP), (512 bytes).
    Removing core_cm3.o(.emb_text), (32 bytes).
    Removing stm32f10x_adc.o(.text), (1102 bytes).
    Removing stm32f10x_bkp.o(.text), (196 bytes).
    Removing stm32f10x_can.o(.text), (2544 bytes).
    Removing stm32f10x_cec.o(.text), (288 bytes).
    Removing stm32f10x_crc.o(.text), (72 bytes).
    Removing stm32f10x_dac.o(.text), (396 bytes).
    Removing stm32f10x_dbgmcu.o(.text), (48 bytes).
    Removing stm32f10x_dma.o(.text), (596 bytes).
    Removing stm32f10x_exti.o(.text), (284 bytes).
    Removing stm32f10x_flash.o(.text), (1468 bytes).
    Removing stm32f10x_fsmc.o(.text), (1548 bytes).
    Removing stm32f10x_i2c.o(.text), (1028 bytes).
    Removing stm32f10x_pwr.o(.text), (204 bytes).
    Removing stm32f10x_rtc.o(.text), (328 bytes).
    Removing stm32f10x_sdio.o(.text), (468 bytes).
    Removing stm32f10x_spi.o(.text), (780 bytes).
    Removing stm32f10x_wwdg.o(.text), (136 bytes).
    Removing main.o(.data), (1856 bytes).
    Removing board.o(.data), (1856 bytes).
    Removing bsp_printf.o(.text), (36 bytes).
    Removing bsp_st7565.o(.text), (864 bytes).
    Removing bsp_st7565.o(.data), (1856 bytes).
    Removing stask.o(.text), (244 bytes).
    Removing stask.o(.data), (1880 bytes).

26 unused section(s) (total 20622 bytes) removed from the image.

==============================================================================

Image Symbol Table

    Local Symbols

    Symbol Name                              Value     Ov Type        Size  Object(Section)

    ../clib/../cmprslib/lz77c.c              0x00000000   Number         0  __dclz77c.o ABSOLUTE
    ../clib/microlib/init/entry.s            0x00000000   Number         0  entry5.o ABSOLUTE
    ../clib/microlib/init/entry.s            0x00000000   Number         0  entry7a.o ABSOLUTE
    ../clib/microlib/init/entry.s            0x00000000   Number         0  entry11b.o ABSOLUTE
    ../clib/microlib/init/entry.s            0x00000000   Number         0  entry7b.o ABSOLUTE
    ../clib/microlib/init/entry.s            0x00000000   Number         0  entry11a.o ABSOLUTE
    ../clib/microlib/init/entry.s            0x00000000   Number         0  entry10b.o ABSOLUTE
    ../clib/microlib/init/entry.s            0x00000000   Number         0  entry8a.o ABSOLUTE
    ../clib/microlib/init/entry.s            0x00000000   Number         0  entry10a.o ABSOLUTE
    ../clib/microlib/init/entry.s            0x00000000   Number         0  entry9b.o ABSOLUTE
    ../clib/microlib/init/entry.s            0x00000000   Number         0  entry8b.o ABSOLUTE
    ../clib/microlib/init/entry.s            0x00000000   Number         0  entry.o ABSOLUTE
    ../clib/microlib/init/entry.s            0x00000000   Number         0  entry9a.o ABSOLUTE
    ../clib/microlib/init/entry.s            0x00000000   Number         0  entry2.o ABSOLUTE
    ../clib/microlib/longlong.c              0x00000000   Number         0  llushr.o ABSOLUTE
    ../clib/microlib/longlong.c              0x00000000   Number         0  llshl.o ABSOLUTE
    ../clib/microlib/stubs.s                 0x00000000   Number         0  iusefp.o ABSOLUTE
    ../fplib/microlib/d2f.c                  0x00000000   Number         0  d2f.o ABSOLUTE
    ../fplib/microlib/f2d.c                  0x00000000   Number         0  f2d.o ABSOLUTE
    ../fplib/microlib/fpdiv.c                0x00000000   Number         0  fdiv.o ABSOLUTE
    ../fplib/microlib/fpdiv.c                0x00000000   Number         0  ddiv.o ABSOLUTE
    ../fplib/microlib/fpepilogue.c           0x00000000   Number         0  depilogue.o ABSOLUTE
    ../fplib/microlib/fpepilogue.c           0x00000000   Number         0  fepilogue.o ABSOLUTE
    ../fplib/microlib/fpfix.c                0x00000000   Number         0  ffixi.o ABSOLUTE
    ../fplib/microlib/fpfix.c                0x00000000   Number         0  dfixui.o ABSOLUTE
    ../fplib/microlib/fpflt.c                0x00000000   Number         0  fflti.o ABSOLUTE
    ../fplib/microlib/fpflt.c                0x00000000   Number         0  dfltui.o ABSOLUTE
    ../fplib/microlib/fpmul.c                0x00000000   Number         0  fmul.o ABSOLUTE
    ../fplib/microlib/fpmul.c                0x00000000   Number         0  dmul.o ABSOLUTE
    ..\..\Libraries\CMSIS\core_cm3.c         0x00000000   Number         0  core_cm3.o ABSOLUTE
    ..\..\Libraries\CMSIS\startup\startup_stm32f10x_hd.s 0x00000000   Number         0  startup_stm32f10x_hd.o ABSOLUTE
    ..\..\Libraries\CMSIS\system_stm32f10x.c 0x00000000   Number         0  system_stm32f10x.o ABSOLUTE
    ..\..\Libraries\FWlib\src\misc.c         0x00000000   Number         0  misc.o ABSOLUTE
    ..\..\Libraries\FWlib\src\stm32f10x_adc.c 0x00000000   Number         0  stm32f10x_adc.o ABSOLUTE
    ..\..\Libraries\FWlib\src\stm32f10x_bkp.c 0x00000000   Number         0  stm32f10x_bkp.o ABSOLUTE
    ..\..\Libraries\FWlib\src\stm32f10x_can.c 0x00000000   Number         0  stm32f10x_can.o ABSOLUTE
    ..\..\Libraries\FWlib\src\stm32f10x_cec.c 0x00000000   Number         0  stm32f10x_cec.o ABSOLUTE
    ..\..\Libraries\FWlib\src\stm32f10x_crc.c 0x00000000   Number         0  stm32f10x_crc.o ABSOLUTE
    ..\..\Libraries\FWlib\src\stm32f10x_dac.c 0x00000000   Number         0  stm32f10x_dac.o ABSOLUTE
    ..\..\Libraries\FWlib\src\stm32f10x_dbgmcu.c 0x00000000   Number         0  stm32f10x_dbgmcu.o ABSOLUTE
    ..\..\Libraries\FWlib\src\stm32f10x_dma.c 0x00000000   Number         0  stm32f10x_dma.o ABSOLUTE
    ..\..\Libraries\FWlib\src\stm32f10x_exti.c 0x00000000   Number         0  stm32f10x_exti.o ABSOLUTE
    ..\..\Libraries\FWlib\src\stm32f10x_flash.c 0x00000000   Number         0  stm32f10x_flash.o ABSOLUTE
    ..\..\Libraries\FWlib\src\stm32f10x_fsmc.c 0x00000000   Number         0  stm32f10x_fsmc.o ABSOLUTE
    ..\..\Libraries\FWlib\src\stm32f10x_gpio.c 0x00000000   Number         0  stm32f10x_gpio.o ABSOLUTE
    ..\..\Libraries\FWlib\src\stm32f10x_i2c.c 0x00000000   Number         0  stm32f10x_i2c.o ABSOLUTE
    ..\..\Libraries\FWlib\src\stm32f10x_iwdg.c 0x00000000   Number         0  stm32f10x_iwdg.o ABSOLUTE
    ..\..\Libraries\FWlib\src\stm32f10x_pwr.c 0x00000000   Number         0  stm32f10x_pwr.o ABSOLUTE
    ..\..\Libraries\FWlib\src\stm32f10x_rcc.c 0x00000000   Number         0  stm32f10x_rcc.o ABSOLUTE
    ..\..\Libraries\FWlib\src\stm32f10x_rtc.c 0x00000000   Number         0  stm32f10x_rtc.o ABSOLUTE
    ..\..\Libraries\FWlib\src\stm32f10x_sdio.c 0x00000000   Number         0  stm32f10x_sdio.o ABSOLUTE
    ..\..\Libraries\FWlib\src\stm32f10x_spi.c 0x00000000   Number         0  stm32f10x_spi.o ABSOLUTE
    ..\..\Libraries\FWlib\src\stm32f10x_tim.c 0x00000000   Number         0  stm32f10x_tim.o ABSOLUTE
    ..\..\Libraries\FWlib\src\stm32f10x_usart.c 0x00000000   Number         0  stm32f10x_usart.o ABSOLUTE
    ..\..\Libraries\FWlib\src\stm32f10x_wwdg.c 0x00000000   Number         0  stm32f10x_wwdg.o ABSOLUTE
    ..\..\User\application\bsp_application.c 0x00000000   Number         0  bsp_application.o ABSOLUTE
    ..\..\User\board.c                       0x00000000   Number         0  board.o ABSOLUTE
    ..\..\User\crc\bsp_crc16.c               0x00000000   Number         0  bsp_crc16.o ABSOLUTE
    ..\..\User\delay\bsp_delay.c             0x00000000   Number         0  bsp_delay.o ABSOLUTE
    ..\..\User\gpio\bsp_gpio.c               0x00000000   Number         0  bsp_gpio.o ABSOLUTE
    ..\..\User\ht1622\bsp_ht1622.c           0x00000000   Number         0  bsp_ht1622.o ABSOLUTE
    ..\..\User\iwdg\bsp_iwdg.c               0x00000000   Number         0  bsp_iwdg.o ABSOLUTE
    ..\..\User\key\bsp_key.c                 0x00000000   Number         0  bsp_key.o ABSOLUTE
    ..\..\User\main.c                        0x00000000   Number         0  main.o ABSOLUTE
    ..\..\User\menu\bsp_menulayout.c         0x00000000   Number         0  bsp_menulayout.o ABSOLUTE
    ..\..\User\printf\bsp_printf.c           0x00000000   Number         0  bsp_printf.o ABSOLUTE
    ..\..\User\st7565\bsp_st7565.c           0x00000000   Number         0  bsp_st7565.o ABSOLUTE
    ..\..\User\stm32f10x_it.c                0x00000000   Number         0  stm32f10x_it.o ABSOLUTE
    ..\..\User\task\stask.c                  0x00000000   Number         0  stask.o ABSOLUTE
    ..\..\User\task\stick.c                  0x00000000   Number         0  stick.o ABSOLUTE
    ..\..\User\task\stimer.c                 0x00000000   Number         0  stimer.o ABSOLUTE
    ..\..\User\timer\bsp_timer.c             0x00000000   Number         0  bsp_timer.o ABSOLUTE
    ..\..\User\usart\bsp_usart.c             0x00000000   Number         0  bsp_usart.o ABSOLUTE
    ..\\..\\Libraries\\CMSIS\\core_cm3.c     0x00000000   Number         0  core_cm3.o ABSOLUTE
    cfcmple.s                                0x00000000   Number         0  cfcmple.o ABSOLUTE
    dc.s                                     0x00000000   Number         0  dc.o ABSOLUTE
    handlers.s                               0x00000000   Number         0  handlers.o ABSOLUTE
    init.s                                   0x00000000   Number         0  init.o ABSOLUTE
    RESET                                    0x08000000   Section      304  startup_stm32f10x_hd.o(RESET)
    .ARM.Collect$$$$00000000                 0x08000130   Section        0  entry.o(.ARM.Collect$$$$00000000)
    .ARM.Collect$$$$00000001                 0x08000130   Section        4  entry2.o(.ARM.Collect$$$$00000001)
    .ARM.Collect$$$$00000004                 0x08000134   Section        4  entry5.o(.ARM.Collect$$$$00000004)
    .ARM.Collect$$$$00000008                 0x08000138   Section        0  entry7b.o(.ARM.Collect$$$$00000008)
    .ARM.Collect$$$$0000000A                 0x08000138   Section        0  entry8b.o(.ARM.Collect$$$$0000000A)
    .ARM.Collect$$$$0000000B                 0x08000138   Section        8  entry9a.o(.ARM.Collect$$$$0000000B)
    .ARM.Collect$$$$0000000D                 0x08000140   Section        0  entry10a.o(.ARM.Collect$$$$0000000D)
    .ARM.Collect$$$$0000000F                 0x08000140   Section        0  entry11a.o(.ARM.Collect$$$$0000000F)
    .ARM.Collect$$$$00002712                 0x08000140   Section        4  entry2.o(.ARM.Collect$$$$00002712)
    __lit__00000000                          0x08000140   Data           4  entry2.o(.ARM.Collect$$$$00002712)
    .text                                    0x08000144   Section       36  startup_stm32f10x_hd.o(.text)
    .text                                    0x08000168   Section        0  system_stm32f10x.o(.text)
    SetSysClockTo72                          0x08000169   Thumb Code   214  system_stm32f10x.o(.text)
    SetSysClock                              0x0800023f   Thumb Code     8  system_stm32f10x.o(.text)
    .text                                    0x08000348   Section        0  misc.o(.text)
    .text                                    0x08000424   Section        0  stm32f10x_gpio.o(.text)
    .text                                    0x08000780   Section        0  stm32f10x_iwdg.o(.text)
    .text                                    0x080007c0   Section        0  stm32f10x_rcc.o(.text)
    .text                                    0x08000b64   Section        0  stm32f10x_tim.o(.text)
    TI4_Config                               0x0800100b   Thumb Code   130  stm32f10x_tim.o(.text)
    TI3_Config                               0x0800109f   Thumb Code   122  stm32f10x_tim.o(.text)
    TI2_Config                               0x08001133   Thumb Code   130  stm32f10x_tim.o(.text)
    TI1_Config                               0x080011c7   Thumb Code   108  stm32f10x_tim.o(.text)
    .text                                    0x08001980   Section        0  stm32f10x_usart.o(.text)
    .text                                    0x08001d88   Section        0  main.o(.text)
    .text                                    0x08001de0   Section        0  board.o(.text)
    .text                                    0x08001e18   Section        0  stm32f10x_it.o(.text)
    .text                                    0x08001e34   Section        0  bsp_crc16.o(.text)
    .text                                    0x0800222c   Section        0  bsp_application.o(.text)
    .text                                    0x08002340   Section        0  bsp_delay.o(.text)
    .text                                    0x08002414   Section        0  bsp_usart.o(.text)
    NVIC_Configuration_Usart1                0x08002415   Thumb Code    34  bsp_usart.o(.text)
    NVIC_Configuration_Usart2                0x08002437   Thumb Code    30  bsp_usart.o(.text)
    NVIC_Configuration_Usart3                0x08002455   Thumb Code    34  bsp_usart.o(.text)
    .text                                    0x08002788   Section        0  bsp_key.o(.text)
    .text                                    0x08002830   Section        0  bsp_timer.o(.text)
    .text                                    0x0800292c   Section        0  bsp_menulayout.o(.text)
    .text                                    0x0800862e   Section        0  bsp_iwdg.o(.text)
    .text                                    0x0800865c   Section        0  bsp_ht1622.o(.text)
    .text                                    0x080090e4   Section        0  stick.o(.text)
    .text                                    0x08009100   Section        0  stimer.o(.text)
    _timer_KeyDeal_cb                        0x08009101   Thumb Code    10  stimer.o(.text)
    _getTimerTaskNum                         0x0800910b   Thumb Code    36  stimer.o(.text)
    .text                                    0x08009338   Section        0  fmul.o(.text)
    .text                                    0x0800939c   Section        0  fdiv.o(.text)
    .text                                    0x08009418   Section        0  dmul.o(.text)
    .text                                    0x080094fc   Section        0  ddiv.o(.text)
    .text                                    0x080095da   Section        0  fflti.o(.text)
    .text                                    0x080095ec   Section        0  dfltui.o(.text)
    .text                                    0x08009606   Section        0  ffixi.o(.text)
    .text                                    0x08009638   Section        0  dfixui.o(.text)
    .text                                    0x0800966a   Section        0  f2d.o(.text)
    .text                                    0x08009690   Section        0  d2f.o(.text)
    .text                                    0x080096c8   Section       20  cfcmple.o(.text)
    .text                                    0x080096dc   Section        0  llushr.o(.text)
    .text                                    0x080096fc   Section        0  fepilogue.o(.text)
    .text                                    0x080096fc   Section        0  iusefp.o(.text)
    .text                                    0x0800976a   Section        0  depilogue.o(.text)
    .text                                    0x08009824   Section       36  init.o(.text)
    .text                                    0x08009848   Section        0  llshl.o(.text)
    .text                                    0x08009866   Section        0  __dclz77c.o(.text)
    i.__scatterload_copy                     0x080098c4   Section       14  handlers.o(i.__scatterload_copy)
    i.__scatterload_null                     0x080098d2   Section        2  handlers.o(i.__scatterload_null)
    i.__scatterload_zeroinit                 0x080098d4   Section       14  handlers.o(i.__scatterload_zeroinit)
    .constdata                               0x080098e2   Section      512  bsp_crc16.o(.constdata)
    .constdata                               0x08009ae2   Section       80  bsp_ht1622.o(.constdata)
    .data                                    0x20000000   Section       20  system_stm32f10x.o(.data)
    .data                                    0x20000014   Section       20  stm32f10x_rcc.o(.data)
    APBAHBPrescTable                         0x20000014   Data          16  stm32f10x_rcc.o(.data)
    ADCPrescTable                            0x20000024   Data           4  stm32f10x_rcc.o(.data)
    .data                                    0x20000028   Section     1857  bsp_crc16.o(.data)
    ascii_table_8x16                         0x20000028   Data        1520  bsp_crc16.o(.data)
    dian                                     0x20000618   Data          24  bsp_crc16.o(.data)
    ya                                       0x20000630   Data          24  bsp_crc16.o(.data)
    liu                                      0x20000648   Data          24  bsp_crc16.o(.data)
    zheng                                    0x20000660   Data          24  bsp_crc16.o(.data)
    fu                                       0x20000678   Data          24  bsp_crc16.o(.data)
    you                                      0x20000690   Data          24  bsp_crc16.o(.data)
    gong                                     0x200006a8   Data          24  bsp_crc16.o(.data)
    wu                                       0x200006c0   Data          24  bsp_crc16.o(.data)
    pin                                      0x200006d8   Data          24  bsp_crc16.o(.data)
    lv                                       0x200006f0   Data          24  bsp_crc16.o(.data)
    zai                                      0x20000708   Data          24  bsp_crc16.o(.data)
    shi                                      0x20000720   Data          24  bsp_crc16.o(.data)
    yin                                      0x20000738   Data          24  bsp_crc16.o(.data)
    shu                                      0x20000750   Data          24  bsp_crc16.o(.data)
    .data                                    0x20000769   Section     1867  bsp_application.o(.data)
    ascii_table_8x16                         0x20000769   Data        1520  bsp_application.o(.data)
    dian                                     0x20000d59   Data          24  bsp_application.o(.data)
    ya                                       0x20000d71   Data          24  bsp_application.o(.data)
    liu                                      0x20000d89   Data          24  bsp_application.o(.data)
    zheng                                    0x20000da1   Data          24  bsp_application.o(.data)
    fu                                       0x20000db9   Data          24  bsp_application.o(.data)
    you                                      0x20000dd1   Data          24  bsp_application.o(.data)
    gong                                     0x20000de9   Data          24  bsp_application.o(.data)
    wu                                       0x20000e01   Data          24  bsp_application.o(.data)
    pin                                      0x20000e19   Data          24  bsp_application.o(.data)
    lv                                       0x20000e31   Data          24  bsp_application.o(.data)
    zai                                      0x20000e49   Data          24  bsp_application.o(.data)
    shi                                      0x20000e61   Data          24  bsp_application.o(.data)
    yin                                      0x20000e79   Data          24  bsp_application.o(.data)
    shu                                      0x20000e91   Data          24  bsp_application.o(.data)
    .data                                    0x20000eb4   Section        4  bsp_delay.o(.data)
    fac_us                                   0x20000eb4   Data           1  bsp_delay.o(.data)
    fac_ms                                   0x20000eb6   Data           2  bsp_delay.o(.data)
    .data                                    0x20000eb8   Section        2  bsp_usart.o(.data)
    .data                                    0x20000eba   Section     1858  bsp_key.o(.data)
    ascii_table_8x16                         0x20000eba   Data        1520  bsp_key.o(.data)
    dian                                     0x200014aa   Data          24  bsp_key.o(.data)
    ya                                       0x200014c2   Data          24  bsp_key.o(.data)
    liu                                      0x200014da   Data          24  bsp_key.o(.data)
    zheng                                    0x200014f2   Data          24  bsp_key.o(.data)
    fu                                       0x2000150a   Data          24  bsp_key.o(.data)
    you                                      0x20001522   Data          24  bsp_key.o(.data)
    gong                                     0x2000153a   Data          24  bsp_key.o(.data)
    wu                                       0x20001552   Data          24  bsp_key.o(.data)
    pin                                      0x2000156a   Data          24  bsp_key.o(.data)
    lv                                       0x20001582   Data          24  bsp_key.o(.data)
    zai                                      0x2000159a   Data          24  bsp_key.o(.data)
    shi                                      0x200015b2   Data          24  bsp_key.o(.data)
    yin                                      0x200015ca   Data          24  bsp_key.o(.data)
    shu                                      0x200015e2   Data          24  bsp_key.o(.data)
    Key_Press_Flag                           0x200015fb   Data           1  bsp_key.o(.data)
    .data                                    0x200015fc   Section     1857  bsp_timer.o(.data)
    ascii_table_8x16                         0x200015fc   Data        1520  bsp_timer.o(.data)
    dian                                     0x20001bec   Data          24  bsp_timer.o(.data)
    ya                                       0x20001c04   Data          24  bsp_timer.o(.data)
    liu                                      0x20001c1c   Data          24  bsp_timer.o(.data)
    zheng                                    0x20001c34   Data          24  bsp_timer.o(.data)
    fu                                       0x20001c4c   Data          24  bsp_timer.o(.data)
    you                                      0x20001c64   Data          24  bsp_timer.o(.data)
    gong                                     0x20001c7c   Data          24  bsp_timer.o(.data)
    wu                                       0x20001c94   Data          24  bsp_timer.o(.data)
    pin                                      0x20001cac   Data          24  bsp_timer.o(.data)
    lv                                       0x20001cc4   Data          24  bsp_timer.o(.data)
    zai                                      0x20001cdc   Data          24  bsp_timer.o(.data)
    shi                                      0x20001cf4   Data          24  bsp_timer.o(.data)
    yin                                      0x20001d0c   Data          24  bsp_timer.o(.data)
    shu                                      0x20001d24   Data          24  bsp_timer.o(.data)
    .data                                    0x20001d3d   Section     1857  bsp_menulayout.o(.data)
    ascii_table_8x16                         0x20001d3d   Data        1520  bsp_menulayout.o(.data)
    dian                                     0x2000232d   Data          24  bsp_menulayout.o(.data)
    ya                                       0x20002345   Data          24  bsp_menulayout.o(.data)
    liu                                      0x2000235d   Data          24  bsp_menulayout.o(.data)
    zheng                                    0x20002375   Data          24  bsp_menulayout.o(.data)
    fu                                       0x2000238d   Data          24  bsp_menulayout.o(.data)
    you                                      0x200023a5   Data          24  bsp_menulayout.o(.data)
    gong                                     0x200023bd   Data          24  bsp_menulayout.o(.data)
    wu                                       0x200023d5   Data          24  bsp_menulayout.o(.data)
    pin                                      0x200023ed   Data          24  bsp_menulayout.o(.data)
    lv                                       0x20002405   Data          24  bsp_menulayout.o(.data)
    zai                                      0x2000241d   Data          24  bsp_menulayout.o(.data)
    shi                                      0x20002435   Data          24  bsp_menulayout.o(.data)
    yin                                      0x2000244d   Data          24  bsp_menulayout.o(.data)
    shu                                      0x20002465   Data          24  bsp_menulayout.o(.data)
    .data                                    0x2000247e   Section       19  bsp_ht1622.o(.data)
    .data                                    0x20002494   Section     1860  stick.o(.data)
    ascii_table_8x16                         0x20002494   Data        1520  stick.o(.data)
    dian                                     0x20002a84   Data          24  stick.o(.data)
    ya                                       0x20002a9c   Data          24  stick.o(.data)
    liu                                      0x20002ab4   Data          24  stick.o(.data)
    zheng                                    0x20002acc   Data          24  stick.o(.data)
    fu                                       0x20002ae4   Data          24  stick.o(.data)
    you                                      0x20002afc   Data          24  stick.o(.data)
    gong                                     0x20002b14   Data          24  stick.o(.data)
    wu                                       0x20002b2c   Data          24  stick.o(.data)
    pin                                      0x20002b44   Data          24  stick.o(.data)
    lv                                       0x20002b5c   Data          24  stick.o(.data)
    zai                                      0x20002b74   Data          24  stick.o(.data)
    shi                                      0x20002b8c   Data          24  stick.o(.data)
    yin                                      0x20002ba4   Data          24  stick.o(.data)
    shu                                      0x20002bbc   Data          24  stick.o(.data)
    .data                                    0x20002bd8   Section     1884  stimer.o(.data)
    ascii_table_8x16                         0x20002bd8   Data        1520  stimer.o(.data)
    dian                                     0x200031c8   Data          24  stimer.o(.data)
    ya                                       0x200031e0   Data          24  stimer.o(.data)
    liu                                      0x200031f8   Data          24  stimer.o(.data)
    zheng                                    0x20003210   Data          24  stimer.o(.data)
    fu                                       0x20003228   Data          24  stimer.o(.data)
    you                                      0x20003240   Data          24  stimer.o(.data)
    gong                                     0x20003258   Data          24  stimer.o(.data)
    wu                                       0x20003270   Data          24  stimer.o(.data)
    pin                                      0x20003288   Data          24  stimer.o(.data)
    lv                                       0x200032a0   Data          24  stimer.o(.data)
    zai                                      0x200032b8   Data          24  stimer.o(.data)
    shi                                      0x200032d0   Data          24  stimer.o(.data)
    yin                                      0x200032e8   Data          24  stimer.o(.data)
    shu                                      0x20003300   Data          24  stimer.o(.data)
    temp                                     0x20003330   Data           4  stimer.o(.data)
    .bss                                     0x20003334   Section       18  bsp_usart.o(.bss)
    .bss                                     0x20003346   Section       32  bsp_ht1622.o(.bss)
    STACK                                    0x20003368   Section     1024  startup_stm32f10x_hd.o(STACK)

    Global Symbols

    Symbol Name                              Value     Ov Type        Size  Object(Section)

    BuildAttributes$$THM_ISAv4$P$D$K$B$S$PE$A:L22UL41UL21$X:L11$S22US41US21$IEEE1$IW$USESV6$~STKCKD$USESV7$~SHL$OTIME$ROPI$EBA8$MICROLIB$REQ8$PRES8$EABIv2 0x00000000   Number         0  anon$$obj.o ABSOLUTE
    __ARM_use_no_argv                        0x00000000   Number         0  main.o ABSOLUTE
    __cpp_initialize__aeabi_                  - Undefined Weak Reference
    __cxa_finalize                            - Undefined Weak Reference
    _clock_init                               - Undefined Weak Reference
    _microlib_exit                            - Undefined Weak Reference
    __Vectors_Size                           0x00000130   Number         0  startup_stm32f10x_hd.o ABSOLUTE
    __Vectors                                0x08000000   Data           4  startup_stm32f10x_hd.o(RESET)
    __Vectors_End                            0x08000130   Data           0  startup_stm32f10x_hd.o(RESET)
    __main                                   0x08000131   Thumb Code     0  entry.o(.ARM.Collect$$$$00000000)
    _main_stk                                0x08000131   Thumb Code     0  entry2.o(.ARM.Collect$$$$00000001)
    _main_scatterload                        0x08000135   Thumb Code     0  entry5.o(.ARM.Collect$$$$00000004)
    __main_after_scatterload                 0x08000139   Thumb Code     0  entry5.o(.ARM.Collect$$$$00000004)
    _main_clock                              0x08000139   Thumb Code     0  entry7b.o(.ARM.Collect$$$$00000008)
    _main_cpp_init                           0x08000139   Thumb Code     0  entry8b.o(.ARM.Collect$$$$0000000A)
    _main_init                               0x08000139   Thumb Code     0  entry9a.o(.ARM.Collect$$$$0000000B)
    __rt_final_cpp                           0x08000141   Thumb Code     0  entry10a.o(.ARM.Collect$$$$0000000D)
    __rt_final_exit                          0x08000141   Thumb Code     0  entry11a.o(.ARM.Collect$$$$0000000F)
    Reset_Handler                            0x08000145   Thumb Code     8  startup_stm32f10x_hd.o(.text)
    ADC1_2_IRQHandler                        0x0800015f   Thumb Code     0  startup_stm32f10x_hd.o(.text)
    ADC3_IRQHandler                          0x0800015f   Thumb Code     0  startup_stm32f10x_hd.o(.text)
    CAN1_RX1_IRQHandler                      0x0800015f   Thumb Code     0  startup_stm32f10x_hd.o(.text)
    CAN1_SCE_IRQHandler                      0x0800015f   Thumb Code     0  startup_stm32f10x_hd.o(.text)
    DMA1_Channel1_IRQHandler                 0x0800015f   Thumb Code     0  startup_stm32f10x_hd.o(.text)
    DMA1_Channel2_IRQHandler                 0x0800015f   Thumb Code     0  startup_stm32f10x_hd.o(.text)
    DMA1_Channel3_IRQHandler                 0x0800015f   Thumb Code     0  startup_stm32f10x_hd.o(.text)
    DMA1_Channel4_IRQHandler                 0x0800015f   Thumb Code     0  startup_stm32f10x_hd.o(.text)
    DMA1_Channel5_IRQHandler                 0x0800015f   Thumb Code     0  startup_stm32f10x_hd.o(.text)
    DMA1_Channel6_IRQHandler                 0x0800015f   Thumb Code     0  startup_stm32f10x_hd.o(.text)
    DMA1_Channel7_IRQHandler                 0x0800015f   Thumb Code     0  startup_stm32f10x_hd.o(.text)
    DMA2_Channel1_IRQHandler                 0x0800015f   Thumb Code     0  startup_stm32f10x_hd.o(.text)
    DMA2_Channel2_IRQHandler                 0x0800015f   Thumb Code     0  startup_stm32f10x_hd.o(.text)
    DMA2_Channel3_IRQHandler                 0x0800015f   Thumb Code     0  startup_stm32f10x_hd.o(.text)
    DMA2_Channel4_5_IRQHandler               0x0800015f   Thumb Code     0  startup_stm32f10x_hd.o(.text)
    EXTI0_IRQHandler                         0x0800015f   Thumb Code     0  startup_stm32f10x_hd.o(.text)
    EXTI15_10_IRQHandler                     0x0800015f   Thumb Code     0  startup_stm32f10x_hd.o(.text)
    EXTI1_IRQHandler                         0x0800015f   Thumb Code     0  startup_stm32f10x_hd.o(.text)
    EXTI2_IRQHandler                         0x0800015f   Thumb Code     0  startup_stm32f10x_hd.o(.text)
    EXTI3_IRQHandler                         0x0800015f   Thumb Code     0  startup_stm32f10x_hd.o(.text)
    EXTI4_IRQHandler                         0x0800015f   Thumb Code     0  startup_stm32f10x_hd.o(.text)
    EXTI9_5_IRQHandler                       0x0800015f   Thumb Code     0  startup_stm32f10x_hd.o(.text)
    FLASH_IRQHandler                         0x0800015f   Thumb Code     0  startup_stm32f10x_hd.o(.text)
    FSMC_IRQHandler                          0x0800015f   Thumb Code     0  startup_stm32f10x_hd.o(.text)
    I2C1_ER_IRQHandler                       0x0800015f   Thumb Code     0  startup_stm32f10x_hd.o(.text)
    I2C1_EV_IRQHandler                       0x0800015f   Thumb Code     0  startup_stm32f10x_hd.o(.text)
    I2C2_ER_IRQHandler                       0x0800015f   Thumb Code     0  startup_stm32f10x_hd.o(.text)
    I2C2_EV_IRQHandler                       0x0800015f   Thumb Code     0  startup_stm32f10x_hd.o(.text)
    PVD_IRQHandler                           0x0800015f   Thumb Code     0  startup_stm32f10x_hd.o(.text)
    RCC_IRQHandler                           0x0800015f   Thumb Code     0  startup_stm32f10x_hd.o(.text)
    RTCAlarm_IRQHandler                      0x0800015f   Thumb Code     0  startup_stm32f10x_hd.o(.text)
    RTC_IRQHandler                           0x0800015f   Thumb Code     0  startup_stm32f10x_hd.o(.text)
    SDIO_IRQHandler                          0x0800015f   Thumb Code     0  startup_stm32f10x_hd.o(.text)
    SPI1_IRQHandler                          0x0800015f   Thumb Code     0  startup_stm32f10x_hd.o(.text)
    SPI2_IRQHandler                          0x0800015f   Thumb Code     0  startup_stm32f10x_hd.o(.text)
    SPI3_IRQHandler                          0x0800015f   Thumb Code     0  startup_stm32f10x_hd.o(.text)
    TAMPER_IRQHandler                        0x0800015f   Thumb Code     0  startup_stm32f10x_hd.o(.text)
    TIM1_BRK_IRQHandler                      0x0800015f   Thumb Code     0  startup_stm32f10x_hd.o(.text)
    TIM1_CC_IRQHandler                       0x0800015f   Thumb Code     0  startup_stm32f10x_hd.o(.text)
    TIM1_TRG_COM_IRQHandler                  0x0800015f   Thumb Code     0  startup_stm32f10x_hd.o(.text)
    TIM1_UP_IRQHandler                       0x0800015f   Thumb Code     0  startup_stm32f10x_hd.o(.text)
    TIM4_IRQHandler                          0x0800015f   Thumb Code     0  startup_stm32f10x_hd.o(.text)
    TIM5_IRQHandler                          0x0800015f   Thumb Code     0  startup_stm32f10x_hd.o(.text)
    TIM6_IRQHandler                          0x0800015f   Thumb Code     0  startup_stm32f10x_hd.o(.text)
    TIM7_IRQHandler                          0x0800015f   Thumb Code     0  startup_stm32f10x_hd.o(.text)
    TIM8_BRK_IRQHandler                      0x0800015f   Thumb Code     0  startup_stm32f10x_hd.o(.text)
    TIM8_CC_IRQHandler                       0x0800015f   Thumb Code     0  startup_stm32f10x_hd.o(.text)
    TIM8_TRG_COM_IRQHandler                  0x0800015f   Thumb Code     0  startup_stm32f10x_hd.o(.text)
    TIM8_UP_IRQHandler                       0x0800015f   Thumb Code     0  startup_stm32f10x_hd.o(.text)
    UART4_IRQHandler                         0x0800015f   Thumb Code     0  startup_stm32f10x_hd.o(.text)
    UART5_IRQHandler                         0x0800015f   Thumb Code     0  startup_stm32f10x_hd.o(.text)
    USBWakeUp_IRQHandler                     0x0800015f   Thumb Code     0  startup_stm32f10x_hd.o(.text)
    USB_HP_CAN1_TX_IRQHandler                0x0800015f   Thumb Code     0  startup_stm32f10x_hd.o(.text)
    USB_LP_CAN1_RX0_IRQHandler               0x0800015f   Thumb Code     0  startup_stm32f10x_hd.o(.text)
    WWDG_IRQHandler                          0x0800015f   Thumb Code     0  startup_stm32f10x_hd.o(.text)
    SystemInit                               0x08000247   Thumb Code    78  system_stm32f10x.o(.text)
    SystemCoreClockUpdate                    0x08000295   Thumb Code   142  system_stm32f10x.o(.text)
    NVIC_PriorityGroupConfig                 0x08000349   Thumb Code    10  misc.o(.text)
    NVIC_Init                                0x08000353   Thumb Code   100  misc.o(.text)
    NVIC_SetVectorTable                      0x080003b7   Thumb Code    14  misc.o(.text)
    NVIC_SystemLPConfig                      0x080003c5   Thumb Code    34  misc.o(.text)
    SysTick_CLKSourceConfig                  0x080003e7   Thumb Code    40  misc.o(.text)
    GPIO_DeInit                              0x08000425   Thumb Code   172  stm32f10x_gpio.o(.text)
    GPIO_AFIODeInit                          0x080004d1   Thumb Code    20  stm32f10x_gpio.o(.text)
    GPIO_Init                                0x080004e5   Thumb Code   278  stm32f10x_gpio.o(.text)
    GPIO_StructInit                          0x080005fb   Thumb Code    16  stm32f10x_gpio.o(.text)
    GPIO_ReadInputDataBit                    0x0800060b   Thumb Code    18  stm32f10x_gpio.o(.text)
    GPIO_ReadInputData                       0x0800061d   Thumb Code     8  stm32f10x_gpio.o(.text)
    GPIO_ReadOutputDataBit                   0x08000625   Thumb Code    18  stm32f10x_gpio.o(.text)
    GPIO_ReadOutputData                      0x08000637   Thumb Code     8  stm32f10x_gpio.o(.text)
    GPIO_SetBits                             0x0800063f   Thumb Code     4  stm32f10x_gpio.o(.text)
    GPIO_ResetBits                           0x08000643   Thumb Code     4  stm32f10x_gpio.o(.text)
    GPIO_WriteBit                            0x08000647   Thumb Code    10  stm32f10x_gpio.o(.text)
    GPIO_Write                               0x08000651   Thumb Code     4  stm32f10x_gpio.o(.text)
    GPIO_PinLockConfig                       0x08000655   Thumb Code    18  stm32f10x_gpio.o(.text)
    GPIO_EventOutputConfig                   0x08000667   Thumb Code    26  stm32f10x_gpio.o(.text)
    GPIO_EventOutputCmd                      0x08000681   Thumb Code     6  stm32f10x_gpio.o(.text)
    GPIO_PinRemapConfig                      0x08000687   Thumb Code   138  stm32f10x_gpio.o(.text)
    GPIO_EXTILineConfig                      0x08000711   Thumb Code    66  stm32f10x_gpio.o(.text)
    GPIO_ETH_MediaInterfaceConfig            0x08000753   Thumb Code     8  stm32f10x_gpio.o(.text)
    IWDG_WriteAccessCmd                      0x08000781   Thumb Code     6  stm32f10x_iwdg.o(.text)
    IWDG_SetPrescaler                        0x08000787   Thumb Code     6  stm32f10x_iwdg.o(.text)
    IWDG_SetReload                           0x0800078d   Thumb Code     6  stm32f10x_iwdg.o(.text)
    IWDG_ReloadCounter                       0x08000793   Thumb Code    10  stm32f10x_iwdg.o(.text)
    IWDG_Enable                              0x0800079d   Thumb Code    10  stm32f10x_iwdg.o(.text)
    IWDG_GetFlagStatus                       0x080007a7   Thumb Code    20  stm32f10x_iwdg.o(.text)
    RCC_DeInit                               0x080007c1   Thumb Code    64  stm32f10x_rcc.o(.text)
    RCC_HSEConfig                            0x08000801   Thumb Code    70  stm32f10x_rcc.o(.text)
    RCC_GetFlagStatus                        0x08000847   Thumb Code    56  stm32f10x_rcc.o(.text)
    RCC_WaitForHSEStartUp                    0x0800087f   Thumb Code    56  stm32f10x_rcc.o(.text)
    RCC_AdjustHSICalibrationValue            0x080008b7   Thumb Code    20  stm32f10x_rcc.o(.text)
    RCC_HSICmd                               0x080008cb   Thumb Code     6  stm32f10x_rcc.o(.text)
    RCC_PLLConfig                            0x080008d1   Thumb Code    24  stm32f10x_rcc.o(.text)
    RCC_PLLCmd                               0x080008e9   Thumb Code     6  stm32f10x_rcc.o(.text)
    RCC_SYSCLKConfig                         0x080008ef   Thumb Code    18  stm32f10x_rcc.o(.text)
    RCC_GetSYSCLKSource                      0x08000901   Thumb Code    10  stm32f10x_rcc.o(.text)
    RCC_HCLKConfig                           0x0800090b   Thumb Code    18  stm32f10x_rcc.o(.text)
    RCC_PCLK1Config                          0x0800091d   Thumb Code    18  stm32f10x_rcc.o(.text)
    RCC_PCLK2Config                          0x0800092f   Thumb Code    20  stm32f10x_rcc.o(.text)
    RCC_ITConfig                             0x08000943   Thumb Code    26  stm32f10x_rcc.o(.text)
    RCC_USBCLKConfig                         0x0800095d   Thumb Code     8  stm32f10x_rcc.o(.text)
    RCC_ADCCLKConfig                         0x08000965   Thumb Code    18  stm32f10x_rcc.o(.text)
    RCC_LSEConfig                            0x08000977   Thumb Code    50  stm32f10x_rcc.o(.text)
    RCC_LSICmd                               0x080009a9   Thumb Code     6  stm32f10x_rcc.o(.text)
    RCC_RTCCLKConfig                         0x080009af   Thumb Code    12  stm32f10x_rcc.o(.text)
    RCC_RTCCLKCmd                            0x080009bb   Thumb Code     8  stm32f10x_rcc.o(.text)
    RCC_GetClocksFreq                        0x080009c3   Thumb Code   192  stm32f10x_rcc.o(.text)
    RCC_AHBPeriphClockCmd                    0x08000a83   Thumb Code    26  stm32f10x_rcc.o(.text)
    RCC_APB2PeriphClockCmd                   0x08000a9d   Thumb Code    26  stm32f10x_rcc.o(.text)
    RCC_APB1PeriphClockCmd                   0x08000ab7   Thumb Code    26  stm32f10x_rcc.o(.text)
    RCC_APB2PeriphResetCmd                   0x08000ad1   Thumb Code    26  stm32f10x_rcc.o(.text)
    RCC_APB1PeriphResetCmd                   0x08000aeb   Thumb Code    26  stm32f10x_rcc.o(.text)
    RCC_BackupResetCmd                       0x08000b05   Thumb Code     8  stm32f10x_rcc.o(.text)
    RCC_ClockSecuritySystemCmd               0x08000b0d   Thumb Code     6  stm32f10x_rcc.o(.text)
    RCC_MCOConfig                            0x08000b13   Thumb Code     6  stm32f10x_rcc.o(.text)
    RCC_ClearFlag                            0x08000b19   Thumb Code    14  stm32f10x_rcc.o(.text)
    RCC_GetITStatus                          0x08000b27   Thumb Code    20  stm32f10x_rcc.o(.text)
    RCC_ClearITPendingBit                    0x08000b3b   Thumb Code     6  stm32f10x_rcc.o(.text)
    TIM_DeInit                               0x08000b65   Thumb Code   424  stm32f10x_tim.o(.text)
    TIM_TimeBaseInit                         0x08000d0d   Thumb Code   122  stm32f10x_tim.o(.text)
    TIM_OC1Init                              0x08000d87   Thumb Code   132  stm32f10x_tim.o(.text)
    TIM_OC2Init                              0x08000e0b   Thumb Code   154  stm32f10x_tim.o(.text)
    TIM_OC3Init                              0x08000ea5   Thumb Code   150  stm32f10x_tim.o(.text)
    TIM_OC4Init                              0x08000f3b   Thumb Code   182  stm32f10x_tim.o(.text)
    TIM_SetIC4Prescaler                      0x08000ff1   Thumb Code    26  stm32f10x_tim.o(.text)
    TIM_SetIC3Prescaler                      0x0800108d   Thumb Code    18  stm32f10x_tim.o(.text)
    TIM_SetIC2Prescaler                      0x08001119   Thumb Code    26  stm32f10x_tim.o(.text)
    TIM_SetIC1Prescaler                      0x080011b5   Thumb Code    18  stm32f10x_tim.o(.text)
    TIM_ICInit                               0x08001233   Thumb Code   150  stm32f10x_tim.o(.text)
    TIM_PWMIConfig                           0x080012c9   Thumb Code   124  stm32f10x_tim.o(.text)
    TIM_BDTRConfig                           0x08001345   Thumb Code    32  stm32f10x_tim.o(.text)
    TIM_TimeBaseStructInit                   0x08001365   Thumb Code    18  stm32f10x_tim.o(.text)
    TIM_OCStructInit                         0x08001377   Thumb Code    20  stm32f10x_tim.o(.text)
    TIM_ICStructInit                         0x0800138b   Thumb Code    18  stm32f10x_tim.o(.text)
    TIM_BDTRStructInit                       0x0800139d   Thumb Code    40  stm32f10x_tim.o(.text)
    TIM_Cmd                                  0x080013c5   Thumb Code    24  stm32f10x_tim.o(.text)
    TIM_CtrlPWMOutputs                       0x080013dd   Thumb Code    30  stm32f10x_tim.o(.text)
    TIM_ITConfig                             0x080013fb   Thumb Code    18  stm32f10x_tim.o(.text)
    TIM_GenerateEvent                        0x0800140d   Thumb Code     4  stm32f10x_tim.o(.text)
    TIM_DMAConfig                            0x08001411   Thumb Code    10  stm32f10x_tim.o(.text)
    TIM_DMACmd                               0x0800141b   Thumb Code    18  stm32f10x_tim.o(.text)
    TIM_InternalClockConfig                  0x0800142d   Thumb Code    12  stm32f10x_tim.o(.text)
    TIM_SelectInputTrigger                   0x08001439   Thumb Code    18  stm32f10x_tim.o(.text)
    TIM_ITRxExternalClockConfig              0x0800144b   Thumb Code    24  stm32f10x_tim.o(.text)
    TIM_TIxExternalClockConfig               0x08001463   Thumb Code    62  stm32f10x_tim.o(.text)
    TIM_ETRConfig                            0x080014a1   Thumb Code    28  stm32f10x_tim.o(.text)
    TIM_ETRClockMode1Config                  0x080014bd   Thumb Code    54  stm32f10x_tim.o(.text)
    TIM_ETRClockMode2Config                  0x080014f3   Thumb Code    32  stm32f10x_tim.o(.text)
    TIM_PrescalerConfig                      0x08001513   Thumb Code     6  stm32f10x_tim.o(.text)
    TIM_CounterModeConfig                    0x08001519   Thumb Code    18  stm32f10x_tim.o(.text)
    TIM_EncoderInterfaceConfig               0x0800152b   Thumb Code    66  stm32f10x_tim.o(.text)
    TIM_ForcedOC1Config                      0x0800156d   Thumb Code    18  stm32f10x_tim.o(.text)
    TIM_ForcedOC2Config                      0x0800157f   Thumb Code    26  stm32f10x_tim.o(.text)
    TIM_ForcedOC3Config                      0x08001599   Thumb Code    18  stm32f10x_tim.o(.text)
    TIM_ForcedOC4Config                      0x080015ab   Thumb Code    26  stm32f10x_tim.o(.text)
    TIM_ARRPreloadConfig                     0x080015c5   Thumb Code    24  stm32f10x_tim.o(.text)
    TIM_SelectCOM                            0x080015dd   Thumb Code    24  stm32f10x_tim.o(.text)
    TIM_SelectCCDMA                          0x080015f5   Thumb Code    24  stm32f10x_tim.o(.text)
    TIM_CCPreloadControl                     0x0800160d   Thumb Code    24  stm32f10x_tim.o(.text)
    TIM_OC1PreloadConfig                     0x08001625   Thumb Code    18  stm32f10x_tim.o(.text)
    TIM_OC2PreloadConfig                     0x08001637   Thumb Code    26  stm32f10x_tim.o(.text)
    TIM_OC3PreloadConfig                     0x08001651   Thumb Code    18  stm32f10x_tim.o(.text)
    TIM_OC4PreloadConfig                     0x08001663   Thumb Code    26  stm32f10x_tim.o(.text)
    TIM_OC1FastConfig                        0x0800167d   Thumb Code    18  stm32f10x_tim.o(.text)
    TIM_OC2FastConfig                        0x0800168f   Thumb Code    26  stm32f10x_tim.o(.text)
    TIM_OC3FastConfig                        0x080016a9   Thumb Code    18  stm32f10x_tim.o(.text)
    TIM_OC4FastConfig                        0x080016bb   Thumb Code    26  stm32f10x_tim.o(.text)
    TIM_ClearOC1Ref                          0x080016d5   Thumb Code    18  stm32f10x_tim.o(.text)
    TIM_ClearOC2Ref                          0x080016e7   Thumb Code    24  stm32f10x_tim.o(.text)
    TIM_ClearOC3Ref                          0x080016ff   Thumb Code    18  stm32f10x_tim.o(.text)
    TIM_ClearOC4Ref                          0x08001711   Thumb Code    24  stm32f10x_tim.o(.text)
    TIM_OC1PolarityConfig                    0x08001729   Thumb Code    18  stm32f10x_tim.o(.text)
    TIM_OC1NPolarityConfig                   0x0800173b   Thumb Code    18  stm32f10x_tim.o(.text)
    TIM_OC2PolarityConfig                    0x0800174d   Thumb Code    26  stm32f10x_tim.o(.text)
    TIM_OC2NPolarityConfig                   0x08001767   Thumb Code    26  stm32f10x_tim.o(.text)
    TIM_OC3PolarityConfig                    0x08001781   Thumb Code    26  stm32f10x_tim.o(.text)
    TIM_OC3NPolarityConfig                   0x0800179b   Thumb Code    26  stm32f10x_tim.o(.text)
    TIM_OC4PolarityConfig                    0x080017b5   Thumb Code    26  stm32f10x_tim.o(.text)
    TIM_CCxCmd                               0x080017cf   Thumb Code    30  stm32f10x_tim.o(.text)
    TIM_CCxNCmd                              0x080017ed   Thumb Code    30  stm32f10x_tim.o(.text)
    TIM_SelectOCxM                           0x0800180b   Thumb Code    82  stm32f10x_tim.o(.text)
    TIM_UpdateDisableConfig                  0x0800185d   Thumb Code    24  stm32f10x_tim.o(.text)
    TIM_UpdateRequestConfig                  0x08001875   Thumb Code    24  stm32f10x_tim.o(.text)
    TIM_SelectHallSensor                     0x0800188d   Thumb Code    24  stm32f10x_tim.o(.text)
    TIM_SelectOnePulseMode                   0x080018a5   Thumb Code    18  stm32f10x_tim.o(.text)
    TIM_SelectOutputTrigger                  0x080018b7   Thumb Code    18  stm32f10x_tim.o(.text)
    TIM_SelectSlaveMode                      0x080018c9   Thumb Code    18  stm32f10x_tim.o(.text)
    TIM_SelectMasterSlaveMode                0x080018db   Thumb Code    18  stm32f10x_tim.o(.text)
    TIM_SetCounter                           0x080018ed   Thumb Code     4  stm32f10x_tim.o(.text)
    TIM_SetAutoreload                        0x080018f1   Thumb Code     4  stm32f10x_tim.o(.text)
    TIM_SetCompare1                          0x080018f5   Thumb Code     4  stm32f10x_tim.o(.text)
    TIM_SetCompare2                          0x080018f9   Thumb Code     4  stm32f10x_tim.o(.text)
    TIM_SetCompare3                          0x080018fd   Thumb Code     4  stm32f10x_tim.o(.text)
    TIM_SetCompare4                          0x08001901   Thumb Code     6  stm32f10x_tim.o(.text)
    TIM_SetClockDivision                     0x08001907   Thumb Code    18  stm32f10x_tim.o(.text)
    TIM_GetCapture1                          0x08001919   Thumb Code     6  stm32f10x_tim.o(.text)
    TIM_GetCapture2                          0x0800191f   Thumb Code     6  stm32f10x_tim.o(.text)
    TIM_GetCapture3                          0x08001925   Thumb Code     6  stm32f10x_tim.o(.text)
    TIM_GetCapture4                          0x0800192b   Thumb Code     8  stm32f10x_tim.o(.text)
    TIM_GetCounter                           0x08001933   Thumb Code     6  stm32f10x_tim.o(.text)
    TIM_GetPrescaler                         0x08001939   Thumb Code     6  stm32f10x_tim.o(.text)
    TIM_GetFlagStatus                        0x0800193f   Thumb Code    18  stm32f10x_tim.o(.text)
    TIM_ClearFlag                            0x08001951   Thumb Code     6  stm32f10x_tim.o(.text)
    TIM_GetITStatus                          0x08001957   Thumb Code    34  stm32f10x_tim.o(.text)
    TIM_ClearITPendingBit                    0x08001979   Thumb Code     6  stm32f10x_tim.o(.text)
    USART_DeInit                             0x08001981   Thumb Code   134  stm32f10x_usart.o(.text)
    USART_Init                               0x08001a07   Thumb Code   210  stm32f10x_usart.o(.text)
    USART_StructInit                         0x08001ad9   Thumb Code    24  stm32f10x_usart.o(.text)
    USART_ClockInit                          0x08001af1   Thumb Code    34  stm32f10x_usart.o(.text)
    USART_ClockStructInit                    0x08001b13   Thumb Code    12  stm32f10x_usart.o(.text)
    USART_Cmd                                0x08001b1f   Thumb Code    24  stm32f10x_usart.o(.text)
    USART_ITConfig                           0x08001b37   Thumb Code    74  stm32f10x_usart.o(.text)
    USART_DMACmd                             0x08001b81   Thumb Code    18  stm32f10x_usart.o(.text)
    USART_SetAddress                         0x08001b93   Thumb Code    18  stm32f10x_usart.o(.text)
    USART_WakeUpConfig                       0x08001ba5   Thumb Code    18  stm32f10x_usart.o(.text)
    USART_ReceiverWakeUpCmd                  0x08001bb7   Thumb Code    24  stm32f10x_usart.o(.text)
    USART_LINBreakDetectLengthConfig         0x08001bcf   Thumb Code    18  stm32f10x_usart.o(.text)
    USART_LINCmd                             0x08001be1   Thumb Code    24  stm32f10x_usart.o(.text)
    USART_SendData                           0x08001bf9   Thumb Code     8  stm32f10x_usart.o(.text)
    USART_ReceiveData                        0x08001c01   Thumb Code    10  stm32f10x_usart.o(.text)
    USART_SendBreak                          0x08001c0b   Thumb Code    10  stm32f10x_usart.o(.text)
    USART_SetGuardTime                       0x08001c15   Thumb Code    16  stm32f10x_usart.o(.text)
    USART_SetPrescaler                       0x08001c25   Thumb Code    16  stm32f10x_usart.o(.text)
    USART_SmartCardCmd                       0x08001c35   Thumb Code    24  stm32f10x_usart.o(.text)
    USART_SmartCardNACKCmd                   0x08001c4d   Thumb Code    24  stm32f10x_usart.o(.text)
    USART_HalfDuplexCmd                      0x08001c65   Thumb Code    24  stm32f10x_usart.o(.text)
    USART_OverSampling8Cmd                   0x08001c7d   Thumb Code    22  stm32f10x_usart.o(.text)
    USART_OneBitMethodCmd                    0x08001c93   Thumb Code    24  stm32f10x_usart.o(.text)
    USART_IrDAConfig                         0x08001cab   Thumb Code    18  stm32f10x_usart.o(.text)
    USART_IrDACmd                            0x08001cbd   Thumb Code    24  stm32f10x_usart.o(.text)
    USART_GetFlagStatus                      0x08001cd5   Thumb Code    26  stm32f10x_usart.o(.text)
    USART_ClearFlag                          0x08001cef   Thumb Code    18  stm32f10x_usart.o(.text)
    USART_GetITStatus                        0x08001d01   Thumb Code    84  stm32f10x_usart.o(.text)
    USART_ClearITPendingBit                  0x08001d55   Thumb Code    52  stm32f10x_usart.o(.text)
    main                                     0x08001d89   Thumb Code    76  main.o(.text)
    board_init                               0x08001de1   Thumb Code    56  board.o(.text)
    NMI_Handler                              0x08001e19   Thumb Code     2  stm32f10x_it.o(.text)
    HardFault_Handler                        0x08001e1b   Thumb Code     4  stm32f10x_it.o(.text)
    MemManage_Handler                        0x08001e1f   Thumb Code     4  stm32f10x_it.o(.text)
    BusFault_Handler                         0x08001e23   Thumb Code     4  stm32f10x_it.o(.text)
    UsageFault_Handler                       0x08001e27   Thumb Code     4  stm32f10x_it.o(.text)
    SVC_Handler                              0x08001e2b   Thumb Code     2  stm32f10x_it.o(.text)
    DebugMon_Handler                         0x08001e2d   Thumb Code     2  stm32f10x_it.o(.text)
    PendSV_Handler                           0x08001e2f   Thumb Code     2  stm32f10x_it.o(.text)
    SysTick_Handler                          0x08001e31   Thumb Code     2  stm32f10x_it.o(.text)
    CRC16                                    0x08001e35   Thumb Code    48  bsp_crc16.o(.text)
    Parameter_ReceiveData                    0x08001e65   Thumb Code   786  bsp_crc16.o(.text)
    Parameter_SendData                       0x08002177   Thumb Code   108  bsp_crc16.o(.text)
    HexToBinstr                              0x080021e3   Thumb Code    44  bsp_crc16.o(.text)
    KeyDeal                                  0x0800222d   Thumb Code    82  bsp_application.o(.text)
    Menu_Display                             0x0800227f   Thumb Code   180  bsp_application.o(.text)
    delay_init                               0x08002341   Thumb Code    50  bsp_delay.o(.text)
    delay_us                                 0x08002373   Thumb Code    72  bsp_delay.o(.text)
    delay_ms                                 0x080023bb   Thumb Code    72  bsp_delay.o(.text)
    USART1_Config_Init                       0x08002477   Thumb Code   128  bsp_usart.o(.text)
    USART2_Config_Init                       0x080024f7   Thumb Code   130  bsp_usart.o(.text)
    USART3_Config_Init                       0x08002579   Thumb Code   134  bsp_usart.o(.text)
    USART1_IRQHandler                        0x080025ff   Thumb Code    26  bsp_usart.o(.text)
    USART2_IRQHandler                        0x08002619   Thumb Code    74  bsp_usart.o(.text)
    USART3_IRQHandler                        0x08002663   Thumb Code    26  bsp_usart.o(.text)
    CLR_Buf1                                 0x0800267d   Thumb Code    26  bsp_usart.o(.text)
    CLR_Buf2                                 0x08002697   Thumb Code    26  bsp_usart.o(.text)
    Usart_SendByte                           0x080026b1   Thumb Code    30  bsp_usart.o(.text)
    Usart_SendArray                          0x080026cf   Thumb Code    48  bsp_usart.o(.text)
    Usart_SendString                         0x080026ff   Thumb Code    42  bsp_usart.o(.text)
    Usart_SendHalfWord                       0x08002729   Thumb Code    60  bsp_usart.o(.text)
    Key_GPIO_Config_Init                     0x08002789   Thumb Code    34  bsp_key.o(.text)
    Key_Scan                                 0x080027ab   Thumb Code   122  bsp_key.o(.text)
    Timer2_Config_Init                       0x08002831   Thumb Code    94  bsp_timer.o(.text)
    Timer3_Config_Init                       0x0800288f   Thumb Code    94  bsp_timer.o(.text)
    TIM2_IRQHandler                          0x080028ed   Thumb Code    26  bsp_timer.o(.text)
    TIM3_IRQHandler                          0x08002907   Thumb Code    28  bsp_timer.o(.text)
    Electricity_sign                         0x0800292d   Thumb Code  1018  bsp_menulayout.o(.text)
    Voltage_DataPage_Menu                    0x08002d27   Thumb Code  2060  bsp_menulayout.o(.text)
    ElectricCurrent_Power_Menu               0x08003533   Thumb Code  2112  bsp_menulayout.o(.text)
    ActivePower_Menu                         0x08003d73   Thumb Code  2722  bsp_menulayout.o(.text)
    ReactivePower_Menu                       0x08004815   Thumb Code  4846  bsp_menulayout.o(.text)
    ApparentPower_Menu                       0x08005b03   Thumb Code  2718  bsp_menulayout.o(.text)
    PowerFactor_Menu                         0x080065a1   Thumb Code   744  bsp_menulayout.o(.text)
    ActiveEnergy_Menu                        0x08006889   Thumb Code  2658  bsp_menulayout.o(.text)
    ReactiveEnergy_Menu                      0x080072eb   Thumb Code  4730  bsp_menulayout.o(.text)
    DamageEx_Menu                            0x08008565   Thumb Code   202  bsp_menulayout.o(.text)
    IWDG_Init                                0x0800862f   Thumb Code    36  bsp_iwdg.o(.text)
    IWDG_Feed                                0x08008653   Thumb Code     8  bsp_iwdg.o(.text)
    LCD_Wr_Clk                               0x0800865d   Thumb Code    32  bsp_ht1622.o(.text)
    SendBit_HL                               0x0800867d   Thumb Code    52  bsp_ht1622.o(.text)
    Sendcmd                                  0x080086b1   Thumb Code    38  bsp_ht1622.o(.text)
    HT1622_Init                              0x080086d7   Thumb Code   134  bsp_ht1622.o(.text)
    HT1622_R                                 0x0800875d   Thumb Code    32  bsp_ht1622.o(.text)
    HT1622_W                                 0x0800877d   Thumb Code    38  bsp_ht1622.o(.text)
    LCD_Rd_Clk                               0x080087a3   Thumb Code    32  bsp_ht1622.o(.text)
    SendBit_LH                               0x080087c3   Thumb Code    50  bsp_ht1622.o(.text)
    ReceiveBit_LH                            0x080087f5   Thumb Code    52  bsp_ht1622.o(.text)
    W1622_q                                  0x08008829   Thumb Code    50  bsp_ht1622.o(.text)
    W1622_byte                               0x0800885b   Thumb Code    42  bsp_ht1622.o(.text)
    W1622_Read_byte                          0x08008885   Thumb Code    68  bsp_ht1622.o(.text)
    W1622_READ_MODIFY_WRITE                  0x080088c9   Thumb Code   114  bsp_ht1622.o(.text)
    W1622_Write_Seg                          0x0800893b   Thumb Code    62  bsp_ht1622.o(.text)
    W1622_success                            0x08008979   Thumb Code    88  bsp_ht1622.o(.text)
    disp_renew                               0x080089d1   Thumb Code    14  bsp_ht1622.o(.text)
    dispON                                   0x080089df   Thumb Code    32  bsp_ht1622.o(.text)
    dispOFF                                  0x080089ff   Thumb Code    32  bsp_ht1622.o(.text)
    cleandisp                                0x08008a1f   Thumb Code   102  bsp_ht1622.o(.text)
    disp_All                                 0x08008a85   Thumb Code    82  bsp_ht1622.o(.text)
    HT1621Wr_Num                             0x08008ad7   Thumb Code   832  bsp_ht1622.o(.text)
    HT1621Wr_Nums                            0x08008e17   Thumb Code   700  bsp_ht1622.o(.text)
    spTickCount                              0x080090e5   Thumb Code    18  stick.o(.text)
    spGetTickCount                           0x080090f7   Thumb Code     6  stick.o(.text)
    spTimerStart                             0x0800912f   Thumb Code   102  stimer.o(.text)
    spTimerStop                              0x08009195   Thumb Code    46  stimer.o(.text)
    spTimerTickerHandle                      0x080091c3   Thumb Code   118  stimer.o(.text)
    spTimerTaskScheduler                     0x08009239   Thumb Code   244  stimer.o(.text)
    __aeabi_fmul                             0x08009339   Thumb Code   100  fmul.o(.text)
    __aeabi_fdiv                             0x0800939d   Thumb Code   124  fdiv.o(.text)
    __aeabi_dmul                             0x08009419   Thumb Code   228  dmul.o(.text)
    __aeabi_ddiv                             0x080094fd   Thumb Code   222  ddiv.o(.text)
    __aeabi_i2f                              0x080095db   Thumb Code    18  fflti.o(.text)
    __aeabi_ui2d                             0x080095ed   Thumb Code    26  dfltui.o(.text)
    __aeabi_f2iz                             0x08009607   Thumb Code    50  ffixi.o(.text)
    __aeabi_d2uiz                            0x08009639   Thumb Code    50  dfixui.o(.text)
    __aeabi_f2d                              0x0800966b   Thumb Code    38  f2d.o(.text)
    __aeabi_d2f                              0x08009691   Thumb Code    56  d2f.o(.text)
    __aeabi_cfcmpeq                          0x080096c9   Thumb Code     0  cfcmple.o(.text)
    __aeabi_cfcmple                          0x080096c9   Thumb Code    20  cfcmple.o(.text)
    __aeabi_llsr                             0x080096dd   Thumb Code    32  llushr.o(.text)
    _ll_ushift_r                             0x080096dd   Thumb Code     0  llushr.o(.text)
    __I$use$fp                               0x080096fd   Thumb Code     0  iusefp.o(.text)
    _float_round                             0x080096fd   Thumb Code    18  fepilogue.o(.text)
    _float_epilogue                          0x0800970f   Thumb Code    92  fepilogue.o(.text)
    _double_round                            0x0800976b   Thumb Code    30  depilogue.o(.text)
    _double_epilogue                         0x08009789   Thumb Code   156  depilogue.o(.text)
    __scatterload                            0x08009825   Thumb Code    28  init.o(.text)
    __scatterload_rt2                        0x08009825   Thumb Code     0  init.o(.text)
    __aeabi_llsl                             0x08009849   Thumb Code    30  llshl.o(.text)
    _ll_shift_l                              0x08009849   Thumb Code     0  llshl.o(.text)
    __decompress                             0x08009867   Thumb Code     0  __dclz77c.o(.text)
    __decompress2                            0x08009867   Thumb Code    94  __dclz77c.o(.text)
    __scatterload_copy                       0x080098c5   Thumb Code    14  handlers.o(i.__scatterload_copy)
    __scatterload_null                       0x080098d3   Thumb Code     2  handlers.o(i.__scatterload_null)
    __scatterload_zeroinit                   0x080098d5   Thumb Code    14  handlers.o(i.__scatterload_zeroinit)
    g_u8CRCHiTb                              0x080098e2   Data         256  bsp_crc16.o(.constdata)
    g_u8CRCLoTb                              0x080099e2   Data         256  bsp_crc16.o(.constdata)
    Num1_8                                   0x08009ae2   Data          10  bsp_ht1622.o(.constdata)
    Num9_16                                  0x08009aec   Data          10  bsp_ht1622.o(.constdata)
    Num17_18                                 0x08009af6   Data          10  bsp_ht1622.o(.constdata)
    Num19_20                                 0x08009b00   Data          10  bsp_ht1622.o(.constdata)
    Nums1_8                                  0x08009b0a   Data          10  bsp_ht1622.o(.constdata)
    Nums9_16                                 0x08009b14   Data          10  bsp_ht1622.o(.constdata)
    Nums17_18                                0x08009b1e   Data          10  bsp_ht1622.o(.constdata)
    Nums19_20                                0x08009b28   Data          10  bsp_ht1622.o(.constdata)
    Region$$Table$$Base                      0x08009b34   Number         0  anon$$obj.o(Region$$Table)
    Region$$Table$$Limit                     0x08009b54   Number         0  anon$$obj.o(Region$$Table)
    SystemCoreClock                          0x20000000   Data           4  system_stm32f10x.o(.data)
    AHBPrescTable                            0x20000004   Data          16  system_stm32f10x.o(.data)
    Send_Statflag                            0x20000768   Data           1  bsp_crc16.o(.data)
    KeyPressNum                              0x20000ea9   Data           1  bsp_application.o(.data)
    GetKeyValue                              0x20000eaa   Data           1  bsp_application.o(.data)
    PageNum                                  0x20000eab   Data           8  bsp_application.o(.data)
    flag_sand1                               0x20000eb3   Data           1  bsp_application.o(.data)
    buf1_cnt                                 0x20000eb8   Data           1  bsp_usart.o(.data)
    buf2_cnt                                 0x20000eb9   Data           1  bsp_usart.o(.data)
    KeyValue                                 0x200015fa   Data           1  bsp_key.o(.data)
    Time1s_flag                              0x20001d3c   Data           1  bsp_timer.o(.data)
    Synbol                                   0x2000247d   Data           1  bsp_menulayout.o(.data)
    DIS_BUF1                                 0x2000247e   Data          19  bsp_ht1622.o(.data)
    spTicker                                 0x20002bd4   Data           4  stick.o(.data)
    stimerlist                               0x20003318   Data          24  stimer.o(.data)
    Uart1_Buf                                0x20003334   Data           9  bsp_usart.o(.bss)
    Uart2_Buf                                0x2000333d   Data           9  bsp_usart.o(.bss)
    dispram                                  0x20003346   Data          32  bsp_ht1622.o(.bss)
    __initial_sp                             0x20003768   Data           0  startup_stm32f10x_hd.o(STACK)



==============================================================================

Memory Map of the image

  Image Entry point : 0x08000131

  Load Region LR_IROM1 (Base: 0x08000000, Size: 0x0000ce88, Max: 0x00040000, ABSOLUTE, COMPRESSED[0x0000a11c])

    Execution Region ER_IROM1 (Exec base: 0x08000000, Load base: 0x08000000, Size: 0x00009b54, Max: 0x00040000, ABSOLUTE)

    Exec Addr    Load Addr    Size         Type   Attr      Idx    E Section Name        Object

    0x08000000   0x08000000   0x00000130   Data   RO            3    RESET               startup_stm32f10x_hd.o
    0x08000130   0x08000130   0x00000000   Code   RO          759  * .ARM.Collect$$$$00000000  mc_w.l(entry.o)
    0x08000130   0x08000130   0x00000004   Code   RO          784    .ARM.Collect$$$$00000001  mc_w.l(entry2.o)
    0x08000134   0x08000134   0x00000004   Code   RO          787    .ARM.Collect$$$$00000004  mc_w.l(entry5.o)
    0x08000138   0x08000138   0x00000000   Code   RO          789    .ARM.Collect$$$$00000008  mc_w.l(entry7b.o)
    0x08000138   0x08000138   0x00000000   Code   RO          791    .ARM.Collect$$$$0000000A  mc_w.l(entry8b.o)
    0x08000138   0x08000138   0x00000008   Code   RO          792    .ARM.Collect$$$$0000000B  mc_w.l(entry9a.o)
    0x08000140   0x08000140   0x00000000   Code   RO          794    .ARM.Collect$$$$0000000D  mc_w.l(entry10a.o)
    0x08000140   0x08000140   0x00000000   Code   RO          796    .ARM.Collect$$$$0000000F  mc_w.l(entry11a.o)
    0x08000140   0x08000140   0x00000004   Code   RO          785    .ARM.Collect$$$$00002712  mc_w.l(entry2.o)
    0x08000144   0x08000144   0x00000024   Code   RO            4    .text               startup_stm32f10x_hd.o
    0x08000168   0x08000168   0x000001e0   Code   RO           24    .text               system_stm32f10x.o
    0x08000348   0x08000348   0x000000dc   Code   RO          121    .text               misc.o
    0x08000424   0x08000424   0x0000035c   Code   RO          269    .text               stm32f10x_gpio.o
    0x08000780   0x08000780   0x00000040   Code   RO          293    .text               stm32f10x_iwdg.o
    0x080007c0   0x080007c0   0x000003a4   Code   RO          317    .text               stm32f10x_rcc.o
    0x08000b64   0x08000b64   0x00000e1a   Code   RO          367    .text               stm32f10x_tim.o
    0x0800197e   0x0800197e   0x00000002   PAD
    0x08001980   0x08001980   0x00000408   Code   RO          379    .text               stm32f10x_usart.o
    0x08001d88   0x08001d88   0x00000058   Code   RO          403    .text               main.o
    0x08001de0   0x08001de0   0x00000038   Code   RO          476    .text               board.o
    0x08001e18   0x08001e18   0x0000001a   Code   RO          490    .text               stm32f10x_it.o
    0x08001e32   0x08001e32   0x00000002   PAD
    0x08001e34   0x08001e34   0x000003f8   Code   RO          505    .text               bsp_crc16.o
    0x0800222c   0x0800222c   0x00000114   Code   RO          531    .text               bsp_application.o
    0x08002340   0x08002340   0x000000d4   Code   RO          550    .text               bsp_delay.o
    0x08002414   0x08002414   0x00000374   Code   RO          564    .text               bsp_usart.o
    0x08002788   0x08002788   0x000000a8   Code   RO          615    .text               bsp_key.o
    0x08002830   0x08002830   0x000000fc   Code   RO          633    .text               bsp_timer.o
    0x0800292c   0x0800292c   0x00005d02   Code   RO          651    .text               bsp_menulayout.o
    0x0800862e   0x0800862e   0x0000002c   Code   RO          673    .text               bsp_iwdg.o
    0x0800865a   0x0800865a   0x00000002   PAD
    0x0800865c   0x0800865c   0x00000a88   Code   RO          685    .text               bsp_ht1622.o
    0x080090e4   0x080090e4   0x0000001c   Code   RO          726    .text               stick.o
    0x08009100   0x08009100   0x00000238   Code   RO          744    .text               stimer.o
    0x08009338   0x08009338   0x00000064   Code   RO          762    .text               mf_w.l(fmul.o)
    0x0800939c   0x0800939c   0x0000007c   Code   RO          764    .text               mf_w.l(fdiv.o)
    0x08009418   0x08009418   0x000000e4   Code   RO          766    .text               mf_w.l(dmul.o)
    0x080094fc   0x080094fc   0x000000de   Code   RO          768    .text               mf_w.l(ddiv.o)
    0x080095da   0x080095da   0x00000012   Code   RO          770    .text               mf_w.l(fflti.o)
    0x080095ec   0x080095ec   0x0000001a   Code   RO          772    .text               mf_w.l(dfltui.o)
    0x08009606   0x08009606   0x00000032   Code   RO          774    .text               mf_w.l(ffixi.o)
    0x08009638   0x08009638   0x00000032   Code   RO          776    .text               mf_w.l(dfixui.o)
    0x0800966a   0x0800966a   0x00000026   Code   RO          778    .text               mf_w.l(f2d.o)
    0x08009690   0x08009690   0x00000038   Code   RO          780    .text               mf_w.l(d2f.o)
    0x080096c8   0x080096c8   0x00000014   Code   RO          782    .text               mf_w.l(cfcmple.o)
    0x080096dc   0x080096dc   0x00000020   Code   RO          798    .text               mc_w.l(llushr.o)
    0x080096fc   0x080096fc   0x00000000   Code   RO          800    .text               mc_w.l(iusefp.o)
    0x080096fc   0x080096fc   0x0000006e   Code   RO          801    .text               mf_w.l(fepilogue.o)
    0x0800976a   0x0800976a   0x000000ba   Code   RO          803    .text               mf_w.l(depilogue.o)
    0x08009824   0x08009824   0x00000024   Code   RO          805    .text               mc_w.l(init.o)
    0x08009848   0x08009848   0x0000001e   Code   RO          807    .text               mc_w.l(llshl.o)
    0x08009866   0x08009866   0x0000005e   Code   RO          817    .text               mc_w.l(__dclz77c.o)
    0x080098c4   0x080098c4   0x0000000e   Code   RO          811    i.__scatterload_copy  mc_w.l(handlers.o)
    0x080098d2   0x080098d2   0x00000002   Code   RO          812    i.__scatterload_null  mc_w.l(handlers.o)
    0x080098d4   0x080098d4   0x0000000e   Code   RO          813    i.__scatterload_zeroinit  mc_w.l(handlers.o)
    0x080098e2   0x080098e2   0x00000200   Data   RO          506    .constdata          bsp_crc16.o
    0x08009ae2   0x08009ae2   0x00000050   Data   RO          687    .constdata          bsp_ht1622.o
    0x08009b32   0x08009b32   0x00000002   PAD
    0x08009b34   0x08009b34   0x00000020   Data   RO          809    Region$$Table       anon$$obj.o


    Execution Region RW_IRAM1 (Exec base: 0x20000000, Load base: 0x08009b54, Size: 0x00003768, Max: 0x0000c000, ABSOLUTE, COMPRESSED[0x000005c8])

    Exec Addr    Load Addr    Size         Type   Attr      Idx    E Section Name        Object

    0x20000000   COMPRESSED   0x00000014   Data   RW           25    .data               system_stm32f10x.o
    0x20000014   COMPRESSED   0x00000014   Data   RW          318    .data               stm32f10x_rcc.o
    0x20000028   COMPRESSED   0x00000741   Data   RW          507    .data               bsp_crc16.o
    0x20000769   COMPRESSED   0x0000074b   Data   RW          532    .data               bsp_application.o
    0x20000eb4   COMPRESSED   0x00000004   Data   RW          551    .data               bsp_delay.o
    0x20000eb8   COMPRESSED   0x00000002   Data   RW          566    .data               bsp_usart.o
    0x20000eba   COMPRESSED   0x00000742   Data   RW          616    .data               bsp_key.o
    0x200015fc   COMPRESSED   0x00000741   Data   RW          634    .data               bsp_timer.o
    0x20001d3d   COMPRESSED   0x00000741   Data   RW          652    .data               bsp_menulayout.o
    0x2000247e   COMPRESSED   0x00000013   Data   RW          688    .data               bsp_ht1622.o
    0x20002491   COMPRESSED   0x00000003   PAD
    0x20002494   COMPRESSED   0x00000744   Data   RW          727    .data               stick.o
    0x20002bd8   COMPRESSED   0x0000075c   Data   RW          745    .data               stimer.o
    0x20003334        -       0x00000012   Zero   RW          565    .bss                bsp_usart.o
    0x20003346        -       0x00000020   Zero   RW          686    .bss                bsp_ht1622.o
    0x20003366   COMPRESSED   0x00000002   PAD
    0x20003368        -       0x00000400   Zero   RW            1    STACK               startup_stm32f10x_hd.o


==============================================================================

Image component sizes


      Code (inc. data)   RO Data    RW Data    ZI Data      Debug   Object Name

        56          0          0          0          0        473   board.o
       276         14          0       1867          0       2202   bsp_application.o
      1016         30        512       1857          0       3193   bsp_crc16.o
       212         18          0          4          0       1063   bsp_delay.o
      2696        128         80         19         32       7292   bsp_ht1622.o
        44          0          0          0          0        678   bsp_iwdg.o
       168         12          0       1858          0       1823   bsp_key.o
     23810        326          0       1857          0       8725   bsp_menulayout.o
       252         10          0       1857          0       1574   bsp_timer.o
       884         36          0          2         18       4482   bsp_usart.o
         0          0          0          0          0       4508   core_cm3.o
        88         12          0          0          0       1403   main.o
       220         22          0          0          0       1825   misc.o
        36          8        304          0       1024        868   startup_stm32f10x_hd.o
        28          4          0       1860          0       1112   stick.o
       568         12          0       1884          0       2945   stimer.o
       860         38          0          0          0       5753   stm32f10x_gpio.o
        26          0          0          0          0       1218   stm32f10x_it.o
        64          6          0          0          0       1289   stm32f10x_iwdg.o
       932         36          0         20          0       8940   stm32f10x_rcc.o
      3610         88          0          0          0      22868   stm32f10x_tim.o
      1032         22          0          0          0       8484   stm32f10x_usart.o
       480         38          0         20          0     250311   system_stm32f10x.o

    ----------------------------------------------------------------------
     37364        860        930      13108       1076     343029   Object Totals
         0          0         32          0          0          0   (incl. Generated)
         6          0          2          3          2          0   (incl. Padding)

    ----------------------------------------------------------------------

      Code (inc. data)   RO Data    RW Data    ZI Data      Debug   Library Member Name

        94          0          0          0          0          0   __dclz77c.o
         0          0          0          0          0          0   entry.o
         0          0          0          0          0          0   entry10a.o
         0          0          0          0          0          0   entry11a.o
         8          4          0          0          0          0   entry2.o
         4          0          0          0          0          0   entry5.o
         0          0          0          0          0          0   entry7b.o
         0          0          0          0          0          0   entry8b.o
         8          4          0          0          0          0   entry9a.o
        30          0          0          0          0          0   handlers.o
        36          8          0          0          0         68   init.o
         0          0          0          0          0          0   iusefp.o
        30          0          0          0          0         68   llshl.o
        32          0          0          0          0         68   llushr.o
        20          0          0          0          0         68   cfcmple.o
        56          0          0          0          0         88   d2f.o
       222          0          0          0          0        100   ddiv.o
       186          0          0          0          0        176   depilogue.o
        50          0          0          0          0         76   dfixui.o
        26          0          0          0          0         76   dfltui.o
       228          0          0          0          0         96   dmul.o
        38          0          0          0          0         68   f2d.o
       124          0          0          0          0         88   fdiv.o
       110          0          0          0          0        168   fepilogue.o
        50          0          0          0          0         68   ffixi.o
        18          0          0          0          0         68   fflti.o
       100          0          0          0          0         76   fmul.o

    ----------------------------------------------------------------------
      1470         16          0          0          0       1420   Library Totals
         0          0          0          0          0          0   (incl. Padding)

    ----------------------------------------------------------------------

      Code (inc. data)   RO Data    RW Data    ZI Data      Debug   Library Name

       242         16          0          0          0        204   mc_w.l
      1228          0          0          0          0       1216   mf_w.l

    ----------------------------------------------------------------------
      1470         16          0          0          0       1420   Library Totals

    ----------------------------------------------------------------------

==============================================================================


      Code (inc. data)   RO Data    RW Data    ZI Data      Debug   

     38834        876        930      13108       1076     342445   Grand Totals
     38834        876        930       1480       1076     342445   ELF Image Totals (compressed)
     38834        876        930       1480          0          0   ROM Totals

==============================================================================

    Total RO  Size (Code + RO Data)                39764 (  38.83kB)
    Total RW  Size (RW Data + ZI Data)             14184 (  13.85kB)
    Total ROM Size (Code + RO Data + RW Data)      41244 (  40.28kB)

==============================================================================

